[1/81] Ankh: Gods of Egypt
[2/81] Cthulhu: Death May Die
[3/81] Ticket to Ride: Europa
[4/81] Rising Sun
[5/81] Blood Rage
[6/81] Room 25 Ultimate
[7/81] Hues and Cues
[8/81] Flamme Rouge
[9/81] Dorfromantik: The Board Game
[10/81] Heat: Pedal to the Metal
[11/81] Catan
[12/81] Wingspan
[13/81] Primo Contatto
[14/81] Zombie Dice
[15/81] Sherlock Holmes Consulente Investigativo: I Delitti del Tamigi e Altri Casi
[16/81] Sherlock Holmes Consulente Investigativo: Jack lo Squartatore e Avventure nel West End
[17/81] Sherlock Holmes Consulente Investigativo: Carlton House e Queen's Park
[18/81] Sherlock Holmes Consulente Investigativo: Gli Irregolari di Baker Street
[19/81] Citadels
[20/81] Michael (Dark Kalamaru)
[21/81] Vudulhu
[22/81] Sky Team
[23/81] Wings of War: Dawn of War
[24/81] Ideale
[25/81] Sì, Oscuro Signore!
[26/81] Forest Shuffle
[27/81] Fall
[28/81] Isole Abbandonate: Turno di Guardia
[29/81] Tree Society
[30/81] Arcs
[31/81] Unstable Unicorns
[32/81] Fallout Shelter: Il Gioco da Tavolo
[33/81] Let's Summon Demons
[34/81] Insoliti Sospetti
[35/81] Without Fail
[36/81] Imagine
[37/81] Kingdomino
[38/81] Stay Cool
[39/81] Tilt
[40/81] Dany
[41/81] Hint
[42/81] Storie Horror: 50 Misteri da Risolvere
[43/81] Emozionarium
[44/81] Silver Mine
[45/81] Doodles: Il Gioco degli Scarabocchi
[46/81] Sei Sicuro?
[47/81] Nome in Codice
[48/81] Party Lines
[49/81] Just One
[50/81] That Sound Game
[51/81] Skull
[52/81] Cortex Challenge
[53/81] Cortex Challenge+
[54/81] Super Cortex Challenge
[55/81] Cortex Challenge 3
[56/81] What Do You Meme?
[57/81] Holy Sheep
[58/81] Quick Stop
[59/81] Perudo
[60/81] Taco Gatto Capra Cacio Pizza
[61/81] Dream
[62/81] Robots (Little Rocket Games)
[63/81] Hive
[64/81] Jenga Classic
[65/81] Happy Salmon
[66/81] Camelio
[67/81] Mini Crimes: Indagini dal Passato
[68/81] Love Letter
[69/81] Tranquility
[70/81] Yes But No
[71/81] Indomimando
[72/81] Con Me Nella Tomba
[73/81] Dinosaurus Paradespil
[74/81] Mascarade
[75/81] Domino
[76/81] Passa Parola
[77/81] Hens
[78/81] Traditori a Bordo
[79/81] Beccato
[80/81] Shit Happens
[81/81] Kluster

Done. 76/81 matched.
Unmatched:
  - Michael (Dark Kalamaru)
  - Storie Horror: 50 Misteri da Risolvere
  - Robots (Little Rocket Games)
  - Mini Crimes: Indagini dal Passato
  - Dinosaurus Paradespil
